<?xml version="1.0" encoding="UTF-8"?>
<testsuites name="jest tests" tests="2" failures="0" errors="0" time="1.973">
  <testsuite name="collections" errors="0" failures="0" skipped="0" timestamp="2025-06-17T18:25:44" time="0.316" tests="2">
    <testcase classname="collections should be able to map" name="collections should be able to map" time="0.003">
    </testcase>
    <testcase classname="collections should be able to filter" name="collections should be able to filter" time="0.001">
    </testcase>
  </testsuite>
</testsuites>